[33mΓ¥»[39m Building...
[32mΓ£ö[39m Building...
[35mBrowser bundles[39m     
[1mInitial chunk files[22m [2m | [22m[1mNames[22m           [2m | [22m [1mRaw size[22m[2m | [22m[1mEstimated transfer size[22m
[32mmain-OTCHMHGI.js[39m    [2m | [22m[2mmain[22m            [2m | [22m[36m537.77 kB[39m[2m | [22m              [36m122.86 kB[39m
[32mstyles-YGF26BDQ.css[39m [2m | [22m[2mstyles[22m          [2m | [22m [36m18.70 kB[39m[2m | [22m                [36m1.68 kB[39m

[1m [22m                   [2m | [22m[1mInitial total[22m   [2m | [22m[1m[93m556.47 kB[39m[22m[2m | [22m              [1m124.54 kB[22m


[35mServer bundles[39m      
[1mInitial chunk files[22m [2m | [22m[1mNames[22m           [2m | [22m [1mRaw size[22m
[32mmain.server.mjs[39m     [2m | [22m[2mmain.server[22m     [2m | [22m[36m972.61 kB[39m[2m | [22m                       
[32mserver.mjs[39m          [2m | [22m[2mserver[22m          [2m | [22m[36m810.22 kB[39m[2m | [22m                       
[32mpolyfills.server.mjs[39m[2m | [22m[2mpolyfills.server[22m[2m | [22m[36m233.25 kB[39m[2m | [22m                       
[32mchunk-L2MVFUKD.mjs[39m  [2m | [22m[2m-[22m               [2m | [22m  [36m1.32 kB[39m[2m | [22m                       
[32mchunk-T55IDOPT.mjs[39m  [2m | [22m[2m-[22m               [2m | [22m[36m976 bytes[39m[2m | [22m                       

[1mLazy chunk files[22m    [2m | [22m[1mNames[22m           [2m | [22m [1mRaw size[22m
[32mchunk-RHDGF2TI.mjs[39m  [2m | [22m[2mxhr2[22m            [2m | [22m [36m12.14 kB[39m[2m | [22m                       
[32mchunk-N3SI5I4Q.mjs[39m  [2m | [22m[2mxhr2[22m            [2m | [22m [36m12.07 kB[39m[2m | [22m                       

[35mPrerendered 7 static routes.[39m
Application bundle generation complete. [34.372 seconds] - 2026-03-26T19:50:46.713Z

node.exe : 
[1m[33m[33mΓû▓ [43;
33m[[43;30mWARNING[43
;33m][0m [1mbundle 
initial exceeded 
maximum budget. Budget 
500.00 kB was not met 
by 56.47 kB with a 
total of 556.47 kB.[0m
At line:1 char:1
+ & "C:\Program 
Files\nodejs/node.exe" 
"C:\Program 
Files\nodejs/node_mo 
...
+ ~~~~~~~~~~~~~~~~~~~~~
~~~~~~~~~~~~~~~~~~~~~~~
~~~~~~~~~~~~~~~~~~~~~~~
~~
    + CategoryInfo     
         : NotSpecifi  
  ed: ([1m[33m[33   
 mΓ... 556.47 kB.[    
0m:String) [], Rem    
oteException
    + FullyQualifiedEr 
   rorId : NativeComm  
  andError
 


[33mΓû▓ [43;33m[[43;
30mWARNING[43;33m][0m
 [1msrc/app/home/home.
component.css exceeded 
maximum budget. Budget 
4.00 kB was not met by 
7.70 kB with a total 
of 11.70 kB.[0m


[33mΓû▓ [43;33m[[43;
30mWARNING[43;33m][0m
 [1msrc/app/product-de
tail/product-detail.com
ponent.css exceeded 
maximum budget. Budget 
4.00 kB was not met by 
3.40 kB with a total 
of 7.41 kB.[0m

[39m[22m
Output location: E:\NDI  Projects\Angular\Noshahi Panda\noshahi-panda\dist\noshahi-panda

